[10.1.1.1/index.html]
[backblue.gif]
[fade.gif]
[index.html]
[10.1.1.1/Macedo.html]
[10.1.1.1/admin.html]
[10.1.1.1/900NA.html]
[10.1.1.1/KaroIMG.png]
[10.1.1.1/900Auto.html]
[10.1.1.1/Xhost.html]
[10.1.1.1/Hakkuraifu.html]
[10.1.1.1/xps3rimentsIMG.png]
[10.1.1.1/KameleonIMG.png]
[10.1.1.1/NazkyIMG.png]
[10.1.1.1/900N.html]
[10.1.1.1/WolfIMG.png]
[10.1.1.1/Prb.html]
[10.1.1.1/PrbIMG.png]
[10.1.1.1/index.html]
[10.1.1.1/MacedoBG.png]
[10.1.1.1/Macedo.html]
[10.1.1.1/style.css]
[10.1.1.1/index-2.html]
[10.1.1.1/MacedoIMG.png]
[10.1.1.1/upload.html]
[10.1.1.1/update.html]
[10.1.1.1/format.html]
[10.1.1.1/reboot.html]
[10.1.1.1/admin.html]
[10.1.1.1/payloads/MiraLoader.js]
[10.1.1.1/payloads/netcat.js]
[10.1.1.1/payloads/malloc.js]
[10.1.1.1/payloads/ropb2.js]
[10.1.1.1/payloads/syscalls.js]
[10.1.1.1/payloads/syscalls2.js]
[10.1.1.1/payloads/relocator.js]
[10.1.1.1/900.html]
[10.1.1.1/900NA.html]
[10.1.1.1/payloads/mira.js]
[10.1.1.1/900Auto.html]
[10.1.1.1/layStation 4/index.html]
[10.1.1.1/Xhost/styles.css]
[10.1.1.1/kernel.html]
[10.1.1.1/Xhost/core.js]
[10.1.1.1/Xhost/plugins.js]
[10.1.1.1/Xhost/index.js]
[10.1.1.1/Xhost.html]
[10.1.1.1/payloads/mira2.js]
[10.1.1.1/Nazky/font-awesome.min.css]
[10.1.1.1/Nazky/raleway.css]
[10.1.1.1/Nazky/simple-notify.min.css]
[10.1.1.1/Nazky/simple-notify.min.js]
[10.1.1.1/Hakkuraifu86c0.html]
[10.1.1.1/Hakkuraifu.html]
[10.1.1.1/HakkuraifuBG.jpg]
[10.1.1.1/900N.html]
[10.1.1.1/exploitV2.js]
[10.1.1.1/page2.html]
[10.1.1.1/Nazky/Icon.ico]
[10.1.1.1/Prb/img/esp32.png]
[10.1.1.1/Prb.html]
[10.1.1.1/POST.html]
[10.1.1.1/style.css]
[10.1.1.1/index-2.html]
[10.1.1.1/info.html]
[10.1.1.1/fileman.html]
[10.1.1.1/upload.html]
[10.1.1.1/update.html]
[10.1.1.1/config.html]
[10.1.1.1/format.html]
[10.1.1.1/reboot.html]
[10.1.1.1/GET.html]
[10.1.1.1/payloads/exploit.js]
[10.1.1.1/payloads/rop_sleirs.js]
[10.1.1.1/WolfBG.jpg]
[10.1.1.1/payloads/payload.js]
[10.1.1.1/payloads/frontend.js]
[10.1.1.1/Nazky/jquery-3.6.0.js]
[10.1.1.1/900.html]
[10.1.1.1/netcat.html]
[10.1.1.1/malloc.html]
[10.1.1.1/rop_sleirs.html]
[10.1.1.1/syscalls.html]
[10.1.1.1/syscalls2.html]
[10.1.1.1/mira.html]
[10.1.1.1/relocator.html]
[10.1.1.1/layStation 4/style.css]
[10.1.1.1/layStation 4/index.html]
[10.1.1.1/Xhost/styles.css]
[10.1.1.1/Xhost/int64.js]
[10.1.1.1/Xhost/rop.js]
[10.1.1.1/kernel.html]
[10.1.1.1/Xhost/kexploit.js]
[10.1.1.1/Xhost/webkit.js]
[10.1.1.1/BG1.html]
[10.1.1.1/BG3.html]
[10.1.1.1/BG4.html]
[10.1.1.1/BG7.html]
[10.1.1.1/BG8.html]
[10.1.1.1/BG9.html]
[10.1.1.1/BG10.html]
[10.1.1.1/BG11.html]
[10.1.1.1/BG12.html]
[10.1.1.1/BG13.html]
[10.1.1.1/BG15.html]
[10.1.1.1/BG16.html]
[10.1.1.1/BG17.html]
[10.1.1.1/BG18.html]
[10.1.1.1/BG19.html]
[10.1.1.1/BG20.html]
[10.1.1.1/Xhost/kernel.js]
[10.1.1.1/Nazky/font-awesome.min.css]
[10.1.1.1/Nazky/raleway.css]
[10.1.1.1/Nazky/simple-notify.min.css]
[10.1.1.1/Hakkuraifu86c0.html]
[10.1.1.1/Prb/img/hen.png]
[10.1.1.1/Prb/img/linux.png]
[10.1.1.1/Prb/img/app2usb.png]
[10.1.1.1/Prb/img/dbbackup.png]
[10.1.1.1/Prb/img/dumper.png]
[10.1.1.1/Prb/img/dbrestore.png]
[10.1.1.1/Prb/img/OrbisToolbox.png]
[10.1.1.1/Prb/img/DEXenable.png]
[10.1.1.1/Prb/img/DEXdisable.png]
[10.1.1.1/page2.html]
[10.1.1.1/Prb/img/ps4debug.png]
[10.1.1.1/Prb/img/binloader.png]
[10.1.1.1/Prb/img/WebRTE.png]
[10.1.1.1/Prb/img/FlowBlueCrop.png]
[10.1.1.1/layStation 4/style.css]
[10.1.1.1/layStation 4/loader.html]
[10.1.1.1/layStation 4/payloads.html]
[10.1.1.1/fonts/fontawesome-webfont3e6e.html]
[10.1.1.1/fonts/fontawesome-webfontd41d.html]
[10.1.1.1/fonts/fontawesome-webfont3e6e-2.html]
[10.1.1.1/fonts/fontawesome-webfont3e6e-3.html]
[10.1.1.1/fonts/fontawesome-webfont3e6e-4.html]
[10.1.1.1/fonts/fontawesome-webfont3e6e-5.html]
[apis.google.com/js/platform.js]
[10.1.1.1/layStation 4/loader.html]
[10.1.1.1/layStation 4/GET.html]
[10.1.1.1/layStation 4/POST.html]
